// Jest Snapshot v1, https://goo.gl/fbAQLP

exports[`renders correctly matches snapshot 1`] = `
<div>
  <h2>
    0
  </h2>
  <button
    onClick={[Function]}
  >
    Increment One
  </button>
  <button
    onClick={[Function]}
  >
    Decrement One
  </button>
  <br />
  <input
    name="amountToChange"
    onChange={[Function]}
    placeholder="Enter a number"
    type="number"
  />
  <button
    onClick={[Function]}
  >
    Change Amount By
  </button>
</div>
`;
